// Jest Snapshot v1, https://goo.gl/fbAQLP

exports[`renders an article 1`] = `
"<!doctype html><html âš¡ lang=\\"de\\"><head><meta charSet=\\"utf-8\\"/><meta http-equiv=\\"X-UA-Compatible\\" content=\\"IE=edge\\"/><title>Article Title</title><link rel=\\"canonical\\" href=\\"https://example.com/musik/article-slug\\"/><meta name=\\"viewport\\" content=\\"width=device-width,initial-scale=1,minimum-scale=1,maximum-scale=1,user-scalable=0\\"/><meta name=\\"author\\" content=\\"example\\"/><meta name=\\"copyright\\" content=\\"example\\"/><meta name=\\"email\\" content=\\"hi@example.com\\"/><meta name=\\"date\\" content=\\"2016-10-25\\"/><meta name=\\"last-modified\\" content=\\"2016-10-25\\"/><meta name=\\"description\\" content=\\"This is a test article\\"/><meta name=\\"twitter:card\\" content=\\"summary_large_image\\"/><meta name=\\"twitter:description\\" content=\\"This is a test article\\"/><meta name=\\"twitter:image\\" content=\\"https://firebasestorage.googleapis.com/v0/b/example-1234a.appspot.com/o/test-article-l.jpg?alt=media\\"/><meta property=\\"og:description\\" content=\\"This is a test article\\"/><meta property=\\"og:type\\" content=\\"article\\"/><meta property=\\"og:url\\" content=\\"https://example.com/musik/article-slug/\\"/><meta property=\\"og:image\\" content=\\"https://firebasestorage.googleapis.com/v0/b/example-1234a.appspot.com/o/test-article-l.jpg?alt=media\\"/><meta name=\\"twitter:site\\" content=\\"@examplecom\\"/><meta name=\\"twitter:title\\" content=\\"Article Title\\"/><meta property=\\"og:title\\" content=\\"Article Title\\"/><meta property=\\"og:locale\\" content=\\"de_DE\\"/><meta property=\\"og:site_name\\" content=\\"example\\"/><script type=\\"application/ld+json\\">{\\"@context\\":\\"http://schema.org\\",\\"@type\\":\\"WebSite\\",\\"name\\":\\"example\\",\\"alternateName\\":\\"example website\\",\\"url\\":\\"https://example.com\\"}</script><link href=\\"https://fonts.googleapis.com/css?family=Roboto:400,400italic,500\\" rel=\\"stylesheet\\" type=\\"text/css\\"/><link rel=\\"apple-touch-icon\\" sizes=\\"57x57\\" href=\\"https://firebasestorage.googleapis.com/v0/b/example-1234a.appspot.com/o/apple-touch-icon-57x57.png?alt=media\\"/><link rel=\\"apple-touch-icon\\" sizes=\\"60x60\\" href=\\"https://firebasestorage.googleapis.com/v0/b/example-1234a.appspot.com/o/apple-touch-icon-60x60.png?alt=media\\"/><link rel=\\"apple-touch-icon\\" sizes=\\"72x72\\" href=\\"https://firebasestorage.googleapis.com/v0/b/example-1234a.appspot.com/o/apple-touch-icon-72x72.png?alt=media\\"/><link rel=\\"apple-touch-icon\\" sizes=\\"76x76\\" href=\\"https://firebasestorage.googleapis.com/v0/b/example-1234a.appspot.com/o/apple-touch-icon-76x76.png?alt=media\\"/><link rel=\\"apple-touch-icon\\" sizes=\\"114x114\\" href=\\"https://firebasestorage.googleapis.com/v0/b/example-1234a.appspot.com/o/apple-touch-icon-114x114.png?alt=media\\"/><link rel=\\"apple-touch-icon\\" sizes=\\"120x120\\" href=\\"https://firebasestorage.googleapis.com/v0/b/example-1234a.appspot.com/o/apple-touch-icon-120x120.png?alt=media\\"/><link rel=\\"apple-touch-icon\\" sizes=\\"144x144\\" href=\\"https://firebasestorage.googleapis.com/v0/b/example-1234a.appspot.com/o/apple-touch-icon-144x144.png?alt=media\\"/><link rel=\\"apple-touch-icon\\" sizes=\\"152x152\\" href=\\"https://firebasestorage.googleapis.com/v0/b/example-1234a.appspot.com/o/apple-touch-icon-152x152.png?alt=media\\"/><link rel=\\"apple-touch-icon\\" sizes=\\"180x180\\" href=\\"https://firebasestorage.googleapis.com/v0/b/example-1234a.appspot.com/o/apple-touch-icon-180x180.png?alt=media\\"/><link rel=\\"icon\\" type=\\"image/png\\" href=\\"https://firebasestorage.googleapis.com/v0/b/example-1234a.appspot.com/o/favicon-32x32.png?alt=media\\" sizes=\\"32x32\\"/><link rel=\\"icon\\" type=\\"image/png\\" href=\\"https://firebasestorage.googleapis.com/v0/b/example-1234a.appspot.com/o/android-chrome-192x192.png?alt=media\\" sizes=\\"192x192\\"/><link rel=\\"icon\\" type=\\"image/png\\" href=\\"https://firebasestorage.googleapis.com/v0/b/example-1234a.appspot.com/o/favicon-96x96.png?alt=media\\" sizes=\\"96x96\\"/><link rel=\\"icon\\" type=\\"image/png\\" href=\\"https://firebasestorage.googleapis.com/v0/b/example-1234a.appspot.com/o/favicon-16x16.png?alt=media\\" sizes=\\"16x16\\"/><link rel=\\"mask-icon\\" href=\\"https://firebasestorage.googleapis.com/v0/b/example-1234a.appspot.com/o/safari-pinned-tab.svg?alt=media\\" color=\\"#5bbad5\\"/><meta name=\\"msapplication-TileColor\\" content=\\"#da532c\\"/><meta name=\\"msapplication-TileImage\\" content=\\"https://firebasestorage.googleapis.com/v0/b/example-1234a.appspot.com/o/mstile-144x144.png?alt=media\\"/><meta name=\\"theme-color\\" content=\\"#ffffff\\"/><meta property=\\"fb:pages\\"/><script async=\\"\\" custom-element=\\"amp-analytics\\" src=\\"https://cdn.ampproject.org/v0/amp-analytics-0.1.js\\"></script><script async=\\"\\" src=\\"https://cdn.ampproject.org/v0.js\\"></script><script async=\\"\\" custom-element=\\"amp-ad\\" src=\\"https://cdn.ampproject.org/v0/amp-ad-0.1.js\\"></script><script async=\\"\\" custom-element=\\"amp-user-notification\\" src=\\"https://cdn.ampproject.org/v0/amp-user-notification-0.1.js\\"></script><script async=\\"\\" custom-element=\\"amp-sidebar\\" src=\\"https://cdn.ampproject.org/v0/amp-sidebar-0.1.js\\"></script><script async=\\"\\" custom-element=\\"amp-youtube\\" src=\\"https://cdn.ampproject.org/v0/amp-youtube-0.1.js\\"></script><style amp-boilerplate=\\"\\">body{-webkit-animation:-amp-start 8s steps(1,end) 0s 1 normal both;-moz-animation:-amp-start 8s steps(1,end) 0s 1 normal both;-ms-animation:-amp-start 8s steps(1,end) 0s 1 normal both;animation:-amp-start 8s steps(1,end) 0s 1 normal both}@-webkit-keyframes -amp-start{from{visibility:hidden}to{visibility:visible}}@-moz-keyframes -amp-start{from{visibility:hidden}to{visibility:visible}}@-ms-keyframes -amp-start{from{visibility:hidden}to{visibility:visible}}@-o-keyframes -amp-start{from{visibility:hidden}to{visibility:visible}}@keyframes -amp-start{from{visibility:hidden}to{visibility:visible}}</style><noscript><style amp-boilerplate=\\"\\">body{-webkit-animation:none;-moz-animation:none;-ms-animation:none;animation:none}</style></noscript><style amp-custom=\\"\\">.dt:first-of-type:first-letter{float:left}.du:first-of-type:first-letter{font-size:75px}.dv:first-of-type:first-letter{line-height:60px}.dw:first-of-type:first-letter{padding-top:4px}.dx:first-of-type:first-letter{padding-right:8px}.dy:first-of-type:first-letter{padding-left:3px}.dz:first-of-type:first-letter{color:#CBC14D}.ae{height:19vw}.af{width:35vw}.ag{display:block}.ah{margin:0 auto}.aj{font-family:Roboto, sans-serif}.ak{width:75vw}.al{background:#fff}.an{color:#333}.ao{font-size:6vw}.ap{text-transform:uppercase}.aq{text-align:center}.ar{padding-left:0}.at{padding:1vw 0}.au{list-style:none}.aw{color:inherit}.ax{text-decoration:initial}.ay{padding:inherit}.az{display:-webkit-box;display:-moz-box;display:-ms-flexbox;display:-webkit-flex;display:flex}.b0{-webkit-flex-direction:column;flex-direction:column;-webkit-box-orient:vertical;-webkit-box-direction:normal}.b2{height:8vw}.b3{padding:2vw 0 2vw 1vw}.b4{width:9vw}.b8{fill:none}.b9{stroke:#000}.ba{stroke-width:1.16}.bb{stroke-dasharray:9.27999973,2.31999993,1.15999997,2.31999993}.bc{fill:rgba(255, 255, 255, 0.7)}.bd{stroke:#333}.be{stroke-width:2.76}.bf{position:relative}.bg{background-color:rgba(0, 0, 0, 0.1)}.bh{border-radius:50%}.bi{border:2vw solid rgba(53, 47, 47, 0.1)}.bj{cursor:pointer}.bk{font-size:11vw}.bl{font-weight:700}.bm{height:14vw}.bn{margin:1vw 0 0 3vw}.bo{width:14vw}.br{position:absolute}.bs{margin-top:35%}.bt{margin-left:-20%}.bu{width:40%}.bv{fill:#fff}.bw{margin-left:15vw}.bz{left:0}.c0{margin-top:2vw}.c1{position:fixed}.c2{width:100%}.c3{z-index:2}.c4{background-color:#f9fafb}.c5{margin-top:23vw}.c8{color:aliceblue}.c9{font-size:2.5vw}.ca{margin:3vw 5vw}.cb{right:1vw}.cc{text-shadow:1px 1px black}.cf{padding:10px}.cg{width:87vw}.ch{margin-top:-15vw}.ci{background:white}.cj{line-height:1}.cm{margin-bottom:5vw}.cn{color:#CBC14D}.cp{text-decoration:none}.cq{margin:0vw 0vw 5vw 0vw}.cr{color:#585252}.cu{background-color:#ECE00C}.cv{font-size:5vw}.cw{color:white}.cx{padding:2vw}.cy{margin:0 0 3vw 0}.d0{padding-top:4vw}.d1{height:25vw}.d2{width:25vw}.d5{box-shadow:0px 2px 7px 0px #585252}.d6{border-radius:100%}.d7{font-size:3vw}.d9{-webkit-flex-direction:row;flex-direction:row;-webkit-box-orient:horizontal;-webkit-box-direction:normal}.da{-webkit-justify-content:space-around;justify-content:space-around;-webkit-box-pack:justify}.db{margin:5vw 0vw 5vw 0vw}.de{-webkit-align-items:center;align-items:center;-webkit-box-align:center}.df{fill:white}.dg{background-color:#3C3CDE}.dh{padding:2vw 0vw 2vw 1vw}.di{color:#F9FAFB}.dj{padding:1vw}.dl{background-color:#06C34B}.dn{background-color:#8FD6EC}.do{-webkit-justify-content:center;justify-content:center;-webkit-box-pack:center}.dq{margin:5vw 6vw 2vw 6vw}.ds{margin:4vw 6vw 4vw 6vw}.e2{margin:10vw auto 0 auto}.e3{width:26vw}.e5{height:26vw}.e6{padding:0 0 2vw 1vw}.e7{width:54vw}.e9{-webkit-flex-wrap:wrap;flex-wrap:wrap;-webkit-box-lines:multiple}.ea{height:40vw}.eb{list-style-type:none}.ec{padding:5vw}.eg{padding-bottom:3vw}@media screen and (min-width: 1024px){.ai{height:8vw}.am{width:35vw}.as{font-size:2vw}.av{padding:0.3vw 0}.b1{-webkit-align-items:center;align-items:center;-webkit-box-align:center}.b5{height:2vw}.b6{padding:1vw 0 1vw 1vw}.b7{width:2vw}.bp{height:6vw}.bq{width:6vw}.bx{margin-left:20vw}.by{height:7vw}.c6{width:50vw}.c7{margin-top:11vw}.cd{font-size:10px}.ce{margin:1vw 0vw}.ck{margin-top:0}.cl{width:inherit}.co{margin-bottom:2vw}.cs{margin:0 0 2vw 0}.ct{font-size:5vw}.cz{padding:1vw}.d3{width:10vw}.d4{height:10vw}.d8{font-size:1vw}.dc{top:0vw}.dd{-webkit-justify-content:center;justify-content:center;-webkit-box-pack:center}.dk{color:#f9fafb}.dm{display:none}.dp{top:0}.dr{font-size:3vw}.e0{font-size:18px}.e1{line-height:1.4}.e4{height:inherit}.e8{width:22vw}.ed{-webkit-flex-direction:row;flex-direction:row;-webkit-box-orient:horizontal;-webkit-box-direction:normal}.ee{-webkit-justify-content:space-between;justify-content:space-between;-webkit-box-pack:justify}.ef{padding:5vw 0 5vw 0}} figure { margin: 0; }</style></head><body><amp-sidebar class=\\"aj ak al am\\" id=\\"menu\\" layout=\\"nodisplay\\"><nav><svg class=\\"ae af ag ah ai\\"><use xlink:href=\\"#nausika--logotext-use\\"></use></svg><ul class=\\"an ao ap aq ar as\\"><li class=\\"at au av\\"><a href=\\"/\\" class=\\"aw ax ay\\">Start</a></li><hr/><li class=\\"at au av\\"><a href=\\"/musik\\" class=\\"aw ax ay\\">Musik</a></li></ul></nav></amp-sidebar><amp-analytics type=\\"googleanalytics\\" id=\\"analytics1\\"><script type=\\"application/json\\">{\\"vars\\":{\\"account\\":\\"UA-12345678-9\\"},\\"triggers\\":{\\"trackPageview\\":{\\"on\\":\\"visible\\",\\"request\\":\\"pageview\\"}}}</script></amp-analytics><div class=\\"az b0 aj b1\\"><svg width=\\"0\\" height=\\"0\\" version=\\"1.1\\" xmlns=\\"http://www.w3.org/2000/svg\\" xmlns:xlink=\\"http://www.w3.org/1999/xlink\\"><defs><symbol id=\\"social-icon--facebook-use\\" viewBox=\\"0 0 1024 1024\\" class=\\"b2 b3 b4 b5 b6 b7\\"><title>facebook</title><path d=\\"M608 192h160v-192h-160c-123.514 0-224 100.486-224 224v96h-128v192h128v512h192v-512h160l32-192h-192v-96c0-17.346 14.654-32 32-32z\\"></path></symbol><symbol id=\\"social-icon--whatsapp-use\\" viewBox=\\"0 0 1024 1024\\" class=\\"b2 b3 b4 b5 b6 b7\\"><title>whatsapp</title><path d=\\"M873 148.8c-95.8-96-223.2-148.8-359-148.8-279.6 0-507.2 227.6-507.2 507.4 0 89.4 23.4 176.8 67.8 253.6l-72 263 269-70.6c74.2 40.4 157.6 61.8 242.4 61.8h0.2c0 0 0 0 0 0 279.6 0 507.4-227.6 507.4-507.4 0-135.6-52.8-263-148.6-359zM514.2 929.6v0c-75.8 0-150-20.4-214.8-58.8l-15.4-9.2-159.6 41.8 42.6-155.6-10-16c-42.4-67-64.6-144.6-64.6-224.4 0-232.6 189.2-421.8 422-421.8 112.6 0 218.6 44 298.2 123.6 79.6 79.8 123.4 185.6 123.4 298.4-0.2 232.8-189.4 422-421.8 422zM745.4 613.6c-12.6-6.4-75-37-86.6-41.2s-20-6.4-28.6 6.4c-8.4 12.6-32.8 41.2-40.2 49.8-7.4 8.4-14.8 9.6-27.4 3.2s-53.6-19.8-102-63c-37.6-33.6-63.2-75.2-70.6-87.8s-0.8-19.6 5.6-25.8c5.8-5.6 12.6-14.8 19-22.2s8.4-12.6 12.6-21.2c4.2-8.4 2.2-15.8-1-22.2s-28.6-68.8-39-94.2c-10.2-24.8-20.8-21.4-28.6-21.8-7.4-0.4-15.8-0.4-24.2-0.4s-22.2 3.2-33.8 15.8c-11.6 12.6-44.4 43.4-44.4 105.8s45.4 122.6 51.8 131.2c6.4 8.4 89.4 136.6 216.6 191.4 30.2 13 53.8 20.8 72.2 26.8 30.4 9.6 58 8.2 79.8 5 24.4-3.6 75-30.6 85.6-60.2s10.6-55 7.4-60.2c-3-5.6-11.4-8.8-24.2-15.2z\\"></path></symbol><symbol id=\\"social-icon--twitter-use\\" viewBox=\\"0 0 1024 1024\\" class=\\"b2 b3 b4 b5 b6 b7\\"><title>twitter</title><path d=\\"M1024 226.4c-37.6 16.8-78.2 28-120.6 33 43.4-26 76.6-67.2 92.4-116.2-40.6 24-85.6 41.6-133.4 51-38.4-40.8-93-66.2-153.4-66.2-116 0-210 94-210 210 0 16.4 1.8 32.4 5.4 47.8-174.6-8.8-329.4-92.4-433-219.6-18 31-28.4 67.2-28.4 105.6 0 72.8 37 137.2 93.4 174.8-34.4-1-66.8-10.6-95.2-26.2 0 0.8 0 1.8 0 2.6 0 101.8 72.4 186.8 168.6 206-17.6 4.8-36.2 7.4-55.4 7.4-13.6 0-26.6-1.4-39.6-3.8 26.8 83.4 104.4 144.2 196.2 146-72 56.4-162.4 90-261 90-17 0-33.6-1-50.2-3 93.2 59.8 203.6 94.4 322.2 94.4 386.4 0 597.8-320.2 597.8-597.8 0-9.2-0.2-18.2-0.6-27.2 41-29.4 76.6-66.4 104.8-108.6z\\"></path></symbol><symbol id=\\"nausika--logotext-use\\" viewBox=\\"0 0 157 86\\" class=\\"ag ah\\"><title>nausika</title><path d=\\"M104.43 20.668c-.124 8.83-.242 16.688-.376 24.968-7.867 13.075-10.546 6.672-8.968-3.594.575-1.67-1.424-2.482-1.875-.812a49.234 49.234 0 0 0-.437 5c-1.607 3.157-4.497 7.21-8.564 6.982 1.597-.992 2.202-2.92 1.75-4.685.172-1.534-2.187-4.336-3.093-7.047.623-5.953-3.127-4.033-2.03.156-2.726 10.5-11.555 17.123-9.876 1.312.183-1.27-1.363-1.648-1.843-.53-.585 2.494-.244 5.574-1.313 7.53-.546 1.878-4.59 3.585-5.28.28-.533-2.716.315-5.11 1.687-7.217.774-.96-.494-2.33-1.406-1.374-.946 1.133-1.466 2.516-1.843 3.937-2.615 5.566-7.238 10.404-8.75 3.5.347-3.54-2.243-3.977-2.28-1.062-7.628 14.44-8.382-9.24 1.593-3.812.8.885 2.24-.417 1.438-1.313-3.282-3.562-8.208-1.153-10.03 2.625-12.53 17.314-5.29-2.968-9.476-3.33-3.498-2.08-7.418 7.104-8.706 9.346-.402-3.71 1.175-7.947.056-9.734-3.425-5.477-7.416 8.184-4.514 4.916 7.05-14.034-1.67 13.746 5.733 6.46.724-.715 1.76-4.323 4.05-7.21 7.792-10.324-3.633 19.15 12.203 4.6 1.234 6.927 6.075 4.777 8.466.484 2.15 5.684 7.54 2.86 9.812-.875 1.217 5.455 5.908 4.783 8.75.906 4.732 8.593 11.435-2.38 12.782-6.688 3.47 4.958 1.872 9.606-1.844 6.97-.67-.872-1.857.023-1.563 1 4.748 5.255 11.13 2.086 14.093-2.407 1.94 8.253 8.056 4.64 11.22-.375-.02 1.26-.045 2.383-.064 3.687-.44 1.614 2.418 2.253 2.863.575 2.016-15.97 13.086-10.97 4.824-5.418-8.423 5.66 5.652 9.908 10.344 1.906.355 2.405 2.293 3.93 4.032 3.937 2.04.022 3.72-1.985 4.704-3.41 1.922 5.98 8.62 2.714 8.077.692-.498-1.858-5.073 4.325-6.625-2.47.535-3.417-2.086-4.225-2.28-1.062-7.87 13.006-8.248-9.297 1.735-4.003.8.886 2.098-.227 1.295-1.122-3.16-3.372-8.31-1.104-10.03 2.594-2.998 5.906-8.28 10.05-12.117 5.38 8.982-2.585 6.317-12.76-.12-9.226-2.6 1.774-3.725 4.938-4.7 7.814.105-9.98.288-17.958.437-27.938-.174-1.77-1.26-1.98-1.938-.842zm-9.72 10.625c-.933-.05-1.904.44-2.28 1.343-.68 1.307.175 3.128 1.656 3.344 1.403.337 2.873-.868 2.812-2.312-.156-1.474-1.005-1.983-2.187-2.375zm-.25 1.5c.715.008.8.544 1 .875.01.837-1.21 1.203-1.656.468-.448-.696.082-1.25.657-1.343z\\"></path></symbol><symbol id=\\"nausika--bubble-use\\" viewBox=\\"0 0 157 86\\"><title>nausika-bubbles</title><path d=\\"M82.973.714C55.417 1.59 25.126 9.5 7.566 32.184c-7.122 9.12-10.047 24.554-.062 32.75 12.354 9.138 28.724 9.52 43.464 11.504 19.646 2.386 39.453 2.03 59.16 1.14 7.98-.102 15.774 3.02 22.032 7.636 7.862 1.064 13.577-6.512 18.125-11.844 9.653-14.56 5.775-34.304-3.02-48.272C137.16 9.034 117.996 2.286 99.858 1.15 94.242.72 88.602.63 82.973.715z\\" class=\\"b8 b9 ba bb\\"></path><path d=\\"M133.958 79.7c-6.795-7.32-20.047-8.543-31.69-7.988-10.753.284-21.79 1.622-32.228-.11-19.077-.877-39.5-1.77-55.642-9.145-8-3.53-9.05-13.093-5.528-20.356 4.944-10.755 15.752-20.373 28.923-25.68 21.823-9.58 45.645-11.762 69.753-8.242 17.197 2.4 31.184 11.71 36.794 23.77 3.608 7.543 5.29 15.686 5.595 23.844-.047 8.94-5.418 18.458-15.977 23.91z\\" class=\\"bc bd be\\"></path></symbol></defs></svg><header class=\\"az bz c0 c1 c2 c3\\"><div on=\\"tap:menu\\" role=\\"button\\" tabindex=\\"0\\" class=\\"bf bg bh bi bj bk bl bm bn aq bo bp bq\\"> <svg class=\\"br bs bt bu bv\\" viewBox=\\"0 0 250 250\\"> <path d=\\"M 0 0 L 0 45 L 250 45 L 250 0 L 0 0 z M 0 75 L 0 120 L 250 120 L 250 75 L 0 75 z M 0 150 L 0 195 L 250 195 L 250 150 L 0 150 z \\" /> </svg> </div> <div class=\\"bw bx\\"> <a href=\\"/\\"> <svg class=\\"ae af by\\"> <use xlink:href=\\"#nausika--bubble-use\\" /> <use xlink:href=\\"#nausika--logotext-use\\" /> </svg> </a> </div></header><main id=\\"main\\" role=\\"main\\" class=\\"c4 c5 c6 c7\\"><figcaption class=\\"bf\\"><amp-img width=\\"4\\" height=\\"3\\" src=\\"https://firebasestorage.googleapis.com/v0/b/example-1234a.appspot.com/o/test-article-s.jpg?alt=media\\" srcset=\\"https://firebasestorage.googleapis.com/v0/b/example-1234a.appspot.com/o/test-article-l.jpg?alt=media 1280w, https://firebasestorage.googleapis.com/v0/b/example-1234a.appspot.com/o/test-article-m.jpg?alt=media 640w, https://firebasestorage.googleapis.com/v0/b/example-1234a.appspot.com/o/test-article-s.jpg?alt=media 320w\\" alt=\\"test article cover\\" attribution=\\"Jon Doe\\" layout=\\"responsive\\"></amp-img><figcaption class=\\"c8 c9 ca br cb cc cd ce\\">Jon Doe</figcaption></figcaption><div class=\\"ah cf cg bf ch ci cj ck cl\\"><p class=\\"cm cn co\\"><a href=\\"/\\" class=\\"cp cn\\">Start</a> &gt; <a href=\\"/musik/\\" class=\\"cp cn\\">Musik</a></p><time dateTime=\\"2016-10-25\\" class=\\"ag cq cr cs\\">25. Oktober 2016</time><h1 class=\\"cm cr ct\\">Article Headline!</h1><h2 class=\\"cu cv cw cx cy as cz\\">Test Article...</h2><div class=\\"d0 d1 d2 ah d3 d4\\"><amp-img class=\\"d5 d6\\" width=\\"4\\" height=\\"4\\" src=\\"https://firebasestorage.googleapis.com/v0/b/example-1234a.appspot.com/o/jondoe.jpg?alt=media\\" alt=\\"test article cover\\" attribution=\\"Jon Doe\\" layout=\\"responsive\\"></amp-img></div><span class=\\"ag d7 aq c0 d8\\">Jon Doe</span></div><div class=\\"az d9 da db bf dc dd\\"><a href=\\"https://facebook.com/sharer/sharer.php?u=https://example.com/musik/article-slug&amp;title=Article%20Title\\" target=\\"_blank\\" rel=\\"noopener noreferrer\\" class=\\"cp\\"><div class=\\"de az df d9 da dg\\"><svg class=\\"b2 dh b4 b5 b6 b7\\"><use xlink:href=\\"#social-icon--facebook-use\\"></use></svg><span class=\\"di cv dj dk d8 cz\\">TEILEN</span></div></a><a href=\\"whatsapp://send?text=https://example.com/musik/article-slug Article%20Title\\" data-action=\\"share/whatsapp/share\\" target=\\"_blank\\" rel=\\"noopener noreferrer\\" class=\\"cp\\"><div class=\\"de az df d9 da dl dm\\"><svg class=\\"b2 dh b4 b5 b6 b7\\"><use xlink:href=\\"#social-icon--whatsapp-use\\"></use></svg><span id=\\"social-icon--whatsapp-text\\" class=\\"di cv dj dk d8 cz\\">APPSEN</span></div></a><a href=\\"https://twitter.com/intent/tweet?url=https://example.com/musik/article-slug&amp;text=Article%20Title&amp;via=example\\" target=\\"_blank\\" rel=\\"noopener noreferrer\\" class=\\"cp\\"><div class=\\"de az df d9 da dn\\"><svg class=\\"b2 dh b4 b5 b6 b7\\"><use xlink:href=\\"#social-icon--twitter-use\\"></use></svg><span id=\\"social-icon--twitter-text\\" class=\\"di cv dj dk d8 cz\\">TWEETEN</span></div></a></div><div class=\\"az do bf dp\\"><amp-ad width=\\"300\\" height=\\"250\\" type=\\"doubleclick\\" data-slot=\\"/12345678/domain.com(Code)\\"></amp-ad></div><article class=\\"bf\\"><h2 id=\\"1.-bob-dylan-â€“-knockinâ€™-on-heavenâ€™s-door\\" class=\\"cr dq dr\\">1. Bob Dylan â€“ Knockinâ€™ On Heavenâ€™s Door</h2><p class=\\"ds an dt du dv dw dx dy dz e0 e1\\">First Song</p><div><div><amp-youtube data-videoid=\\"UtWhioqshtw\\" width=480 height=270 layout=\\"responsive\\"> </amp-youtube></div>


</div><h2 id=\\"1.-bob-dylan-â€“-knockinâ€™-on-heavenâ€™s-door-2.-bruce-springsteen-â€“-iâ€™m-on-fire\\" class=\\"cr dq dr\\">2. Bruce Springsteen â€“ Iâ€™m On Fire</h2><p class=\\"ds an dt du dv dw dx dy dz e0 e1\\">Second Song</p><div><div><amp-youtube data-videoid=\\"gntO-BadGk8\\" width=480 height=270 layout=\\"responsive\\"> </amp-youtube></div>


</div><h2 id=\\"1.-bob-dylan-â€“-knockinâ€™-on-heavenâ€™s-door-3.-nirvana-â€“-smells-like-teen-spirit\\" class=\\"cr dq dr\\">3. Nirvana â€“ Smells Like Teen Spirit</h2><p class=\\"ds an dt du dv dw dx dy dz e0 e1\\">Third Song</p><div><div><amp-youtube data-videoid=\\"hTWKbfoikeg\\" width=480 height=270 layout=\\"responsive\\"> </amp-youtube></div></div></article><div class=\\"az d9 da db bf dc dd\\"><a href=\\"https://facebook.com/sharer/sharer.php?u=https://example.com/musik/article-slug&amp;title=Article%20Title\\" target=\\"_blank\\" rel=\\"noopener noreferrer\\" class=\\"cp\\"><div class=\\"de az df d9 da dg\\"><svg class=\\"b2 dh b4 b5 b6 b7\\"><use xlink:href=\\"#social-icon--facebook-use\\"></use></svg><span class=\\"di cv dj dk d8 cz\\">TEILEN</span></div></a><a href=\\"whatsapp://send?text=https://example.com/musik/article-slug Article%20Title\\" data-action=\\"share/whatsapp/share\\" target=\\"_blank\\" rel=\\"noopener noreferrer\\" class=\\"cp\\"><div class=\\"de az df d9 da dl dm\\"><svg class=\\"b2 dh b4 b5 b6 b7\\"><use xlink:href=\\"#social-icon--whatsapp-use\\"></use></svg><span id=\\"social-icon--whatsapp-text\\" class=\\"di cv dj dk d8 cz\\">APPSEN</span></div></a><a href=\\"https://twitter.com/intent/tweet?url=https://example.com/musik/article-slug&amp;text=Article%20Title&amp;via=example\\" target=\\"_blank\\" rel=\\"noopener noreferrer\\" class=\\"cp\\"><div class=\\"de az df d9 da dn\\"><svg class=\\"b2 dh b4 b5 b6 b7\\"><use xlink:href=\\"#social-icon--twitter-use\\"></use></svg><span id=\\"social-icon--twitter-text\\" class=\\"di cv dj dk d8 cz\\">TWEETEN</span></div></a></div></main><aside></aside><footer><div class=\\"az b0\\"><a href=\\"#main\\"><div class=\\"e2 e3 b3 d3 e4\\"><amp-img width=\\"3\\" height=\\"3\\" src=\\"https://firebasestorage.googleapis.com/v0/b/example-1234a.appspot.com/o/nausika-gurl.min.svg?alt=media\\" alt=\\"Gurl you know it&#x27;s true, uh uh uh, I love you!\\" attribution=\\"All Rights Reserved\\" layout=\\"responsive\\"></amp-img></div></a><a href=\\"#main\\"><svg class=\\"ah e5 e6 e7 ag e8 e4\\"><use xlink:href=\\"#nausika--logotext-use\\"></use></svg></a></div><ul class=\\"az b0 e9 ea eb ec e4 ed c6 ee ef\\"><li class=\\"eg\\"><a href=\\"/impressum/\\" class=\\"cp cr\\">Impressum</a></li><li class=\\"eg\\"><a href=\\"/datenschutz/\\" class=\\"cp cr\\">Datenschutz</a></li><li class=\\"eg\\"><a href=\\"/agb/\\" class=\\"cp cr\\">AGB</a></li><li class=\\"eg\\"><a href=\\"/rss/\\" class=\\"cp cr\\">RSS</a></li><li class=\\"eg\\"><a href=\\"https://www.facebook.com/examplecom\\" class=\\"cp cr\\">Facebook</a></li><li class=\\"eg\\"><a href=\\"https://www.twitter.com/examplecom\\" class=\\"cp cr\\">Twitter</a></li></ul></footer><amp-user-notification layout=\\"nodisplay\\" id=\\"amp-user-notification1\\">nausika nutzt Cookies in deinem Browser. Wir speichern darin allerlei Daten - aber keine Sorge, nichts Wildes. Mehr langweiliges bla bla Ã¼ber Cookies kannst du <a href=\\"/datenschutz/\\">hier lesen...</a> <button on=\\"tap:amp-user-notification1.dismiss\\"> Cookies finde ich ganz ok </button></amp-user-notification></div></body></html>"
`;
